R001 F1,F2
R002 F6,F7,F8
R003 F12,F13,F14,F15
R004 D1,D2,D3,D4,D5
